

================================================================
== Synthesis Summary Report of 'Kernel1_Square'
================================================================
+ General Information: 
    * Date:           Wed Jun 11 22:51:50 2025
    * Version:        2024.1 (Build 5069499 on May 21 2024)
    * Project:        Kernel1_Square
    * Solution:       hls (Vivado IP Flow Target)
    * Product family: virtexuplus
    * Target device:  xcu250-figd2104-2L-e
    

+ Performance & Resource Estimates: 
    
    PS: '+' for module; 'o' for loop; '*' for dataflow
    +--------------------+------+------+---------+--------+----------+---------+------+----------+------+----+---------+----------+-----+
    |       Modules      | Issue|      | Latency | Latency| Iteration|         | Trip |          |      |    |         |          |     |
    |       & Loops      | Type | Slack| (cycles)|  (ns)  |  Latency | Interval| Count| Pipelined| BRAM | DSP|    FF   |    LUT   | URAM|
    +--------------------+------+------+---------+--------+----------+---------+------+----------+------+----+---------+----------+-----+
    |+ Kernel1_Square    |     -|  2.62|        -|       -|         -|        0|     -|    rewind|     -|   -|  3 (~0%)|  36 (~0%)|    -|
    | o VITIS_LOOP_10_1  |    II|  7.30|        -|       -|         2|        2|     -|       yes|     -|   -|        -|         -|    -|
    +--------------------+------+------+---------+--------+----------+---------+------+----------+------+----+---------+----------+-----+


================================================================
== HW Interfaces
================================================================
* AXIS
+-----------+-----------+---------------+-------+--------+--------+
| Interface | Direction | Register Mode | TDATA | TREADY | TVALID |
+-----------+-----------+---------------+-------+--------+--------+
| InputK1   | in        | both          | 32    | 1      | 1      |
+-----------+-----------+---------------+-------+--------+--------+

* TOP LEVEL CONTROL
+-----------+------------+-----------------------------------+
| Interface | Type       | Ports                             |
+-----------+------------+-----------------------------------+
| ap_clk    | clock      | ap_clk                            |
| ap_rst_n  | reset      | ap_rst_n                          |
| ap_ctrl   | ap_ctrl_hs | ap_done ap_idle ap_ready ap_start |
+-----------+------------+-----------------------------------+


================================================================
== SW I/O Information
================================================================
* Top Function Arguments
+----------+-----------+-----------------+
| Argument | Direction | Datatype        |
+----------+-----------+-----------------+
| InputK1  | in        | stream<int, 0>& |
+----------+-----------+-----------------+

* SW-to-HW Mapping
+----------+--------------+-----------+
| Argument | HW Interface | HW Type   |
+----------+--------------+-----------+
| InputK1  | InputK1      | interface |
+----------+--------------+-----------+


================================================================
== M_AXI Burst Information
================================================================
 Note: All burst requests might be further partitioned into multiple requests during RTL generation based on max_read_burst_length or max_write_burst_length settings.


================================================================
== Bind Op Report
================================================================
  No bind op info in design

================================================================
== Storage Report
================================================================
  No bind storage info in design

================================================================
== Pragma Report
================================================================
* Valid Pragma Syntax
+-----------+------------------------------------+----------------------------------------+
| Type      | Options                            | Location                               |
+-----------+------------------------------------+----------------------------------------+
| interface | axis port = InputK1 depth=MaxDepth | Kernel1Square.cpp:18 in kernel1_square |
+-----------+------------------------------------+----------------------------------------+


